n/cats71.jpg
n/cats70.jpg
n/cats69.jpg
n/cats68.jpg
n/cats67.jpg
n/cats66.jpg
n/cats65.jpg
n/cats64.jpg
n/cats63.jpg
n/cats62.jpg
n/cats61.jpg
n/cats60.jpg
n/cats59.jpg
n/cats58.jpg
n/cats57.jpg
n/cats56.jpg
n/cats55.jpg
n/cats54.jpg
n/cats53.jpg
n/cats52.jpg
n/cats51.jpg
n/cats50.jpg
n/cats49.jpg
n/cats48.jpg
n/cats47.jpg
n/cats46.jpg
n/cats45.jpg
n/cats44.jpg
n/cats43.jpg
n/cats42.jpg
n/cats41.jpg
n/cats40.jpg
n/cats39.jpg
n/cats38.jpg
n/cats37.jpg
n/cats36.jpg
n/cats35.jpg
n/cats34.jpg
n/cats33.jpg
n/cats32.jpg
n/cats31.jpg
n/cats30.jpg
n/cats29.jpg
n/cats28.jpg
n/cats27.jpg
n/cats26.jpg
n/cats25.jpg
n/cats24.jpg
n/cats23.jpg
n/cats22.jpg
n/cats21.jpg
n/cats20.jpg
n/cats19.jpg
n/cats18.jpg
n/cats17.jpg
n/cats16.jpg
n/cats15.jpg
n/cats14.jpg
n/cats13.jpg
n/cats12.jpg
n/cats11.jpg
n/cats10.jpg
n/cats9.jpg
n/cats8.jpg
n/cats7.jpg
n/cats6.jpg
n/cats5.jpg
n/cats4.jpg
n/cats3.jpg
n/cats2.jpg
n/cats1.jpg
n/cats0.jpg
n/roads60.jpg
n/roads59.jpg
n/roads58.jpg
n/roads57.jpg
n/roads56.jpg
n/roads55.jpg
n/roads54.jpg
n/roads53.jpg
n/roads52.jpg
n/roads51.jpg
n/roads50.jpg
n/roads49.jpg
n/roads48.jpg
n/roads47.jpg
n/roads46.jpg
n/roads45.jpg
n/roads44.jpg
n/roads43.jpg
n/roads42.jpg
n/roads41.jpg
n/roads40.jpg
n/roads39.jpg
n/roads38.jpg
n/roads37.jpg
n/roads36.jpg
n/roads35.jpg
n/roads34.jpg
n/roads33.jpg
n/roads32.jpg
n/roads31.jpg
n/roads30.jpg
n/roads29.jpg
n/roads28.jpg
n/roads27.jpg
n/roads26.jpg
n/roads25.jpg
n/roads24.jpg
n/roads23.jpg
n/roads22.jpg
n/roads21.jpg
n/roads20.jpg
n/roads19.jpg
n/roads18.jpg
n/roads17.jpg
n/roads16.jpg
n/roads15.jpg
n/roads14.jpg
n/roads13.jpg
n/roads12.jpg
n/roads11.jpg
n/roads10.jpg
n/roads9.jpg
n/roads8.jpg
n/roads7.jpg
n/roads6.jpg
n/roads5.jpg
n/roads4.jpg
n/roads3.jpg
n/roads2.jpg
n/roads1.jpg
n/roads0.jpg
n/trees45.jpg
n/trees44.jpg
n/trees43.jpg
n/trees42.jpg
n/trees41.jpg
n/trees40.jpg
n/trees39.jpg
n/trees38.jpg
n/trees37.jpg
n/trees36.jpg
n/trees35.jpg
n/trees34.jpg
n/trees33.jpg
n/trees32.jpg
n/trees31.jpg
n/trees30.jpg
n/trees29.jpg
n/trees28.jpg
n/trees27.jpg
n/trees26.jpg
n/trees25.jpg
n/trees24.jpg
n/trees23.jpg
n/trees22.jpg
n/trees21.jpg
n/trees20.jpg
n/trees19.jpg
n/trees18.jpg
n/trees17.jpg
n/trees16.jpg
n/trees15.jpg
n/trees14.jpg
n/trees13.jpg
n/trees12.jpg
n/trees11.jpg
n/trees10.jpg
n/trees9.jpg
n/trees8.jpg
n/trees7.jpg
n/trees6.jpg
n/trees5.jpg
n/trees4.jpg
n/trees3.jpg
n/trees2.jpg
n/trees1.jpg
n/trees0.jpg